Last login: Wed Aug 20 09:21:51 on ttys000
222scala:~ bvagnini$ ssh git@catkin
Welcome to Ubuntu 13.10 (GNU/Linux 3.11.0-20-generic x86_64)

 * Documentation:  https://help.ubuntu.com/

  System information as of Mon Aug 18 13:17:40 EDT 2014

  System load:  0.0                 Processes:           127
  Usage of /:   62.2% of 195.76GB   Users logged in:     0
  Memory usage: 8%                  IP address for eth0: 146.201.209.136
  Swap usage:   0%

  => /boot is using 99.1% of 235MB

  Graph this data and manage this system at:
    https://landscape.canonical.com/

62 packages can be updated.
2 updates are security updates.

Your Ubuntu release is not supported anymore.
For upgrade information, please visit:
http://www.ubuntu.com/releaseendoflife

New release '14.04.1 LTS' available.
Run 'do-release-upgrade' to upgrade to it.

*** System restart required ***
Last login: Fri May 23 10:44:37 2014 from 146.201.209.161
git@catkin:~$ ls -a
.			 cala-fsu.github.com.git  FwcLiveryCourseTest.git  MemMapFileTest.git
..			 cala.git		  FWCScanner.git	   PyAccountability.git
Accountability.git	 CALALearn.git		  HelloCala.git		   python_mongo_test.git
assessing_knowledge.git  cala_play.git		  id_rsa.brianimac.pub	   retrofit_2013.git
assessment_feedback.git  cefa_logo.git		  id_rsa.brian.pub	   retrofit.git
Assessment.git		 demographics.git	  id_rsa.colin.pub	   .ssh
assessment-old.git	 .DS_Store		  id_rsa.pub.mdavidson	   .viminfo
.bash_history		 fatcat.git		  id_rsa.pub.mohit
.cache			 fhp.git		  id_rsa.pub.sweta
cala08.git		 FtcePortal.git		  id_rsa.sean.pub
git@catkin:~$ pwd
/home/git
git@catkin:~$ cd ..
git@catkin:/home$ ls -a
.  ..  alaclan	backup	bvagnini  cdwyer  files  git  mdavidson  mpillay  scoleman  sshrestha
git@catkin:/home$ cd files
git@catkin:/home/files$ ls -a
.   .apdisk    .DS_Store      final_membership.data  Membership.data  software	.TemporaryItems
..  ._.apdisk  Eoc20MAY.data  Membership20MAY.data   qc on Catkin     staff	._.TemporaryItems
git@catkin:/home/files$ cd git
-bash: cd: git: No such file or directory
git@catkin:/home/files$ cd ../
git@catkin:/home$ cd git
git@catkin:~$ ls -a
.			 cala-fsu.github.com.git  FwcLiveryCourseTest.git  MemMapFileTest.git
..			 cala.git		  FWCScanner.git	   PyAccountability.git
Accountability.git	 CALALearn.git		  HelloCala.git		   python_mongo_test.git
assessing_knowledge.git  cala_play.git		  id_rsa.brianimac.pub	   retrofit_2013.git
assessment_feedback.git  cefa_logo.git		  id_rsa.brian.pub	   retrofit.git
Assessment.git		 demographics.git	  id_rsa.colin.pub	   .ssh
assessment-old.git	 .DS_Store		  id_rsa.pub.mdavidson	   .viminfo
.bash_history		 fatcat.git		  id_rsa.pub.mohit
.cache			 fhp.git		  id_rsa.pub.sweta
cala08.git		 FtcePortal.git		  id_rsa.sean.pub
git@catkin:~$ ls -a
.			 cala-fsu.github.com.git  FwcLiveryCourseTest.git  MemMapFileTest.git
..			 cala.git		  FWCScanner.git	   PyAccountability.git
Accountability.git	 CALALearn.git		  HelloCala.git		   python_mongo_test.git
assessing_knowledge.git  cala_play.git		  id_rsa.brianimac.pub	   retrofit_2013.git
assessment_feedback.git  cefa_logo.git		  id_rsa.brian.pub	   retrofit.git
Assessment.git		 demographics.git	  id_rsa.colin.pub	   .ssh
assessment-old.git	 .DS_Store		  id_rsa.pub.mdavidson	   .viminfo
.bash_history		 fatcat.git		  id_rsa.pub.mohit
.cache			 fhp.git		  id_rsa.pub.sweta
cala08.git		 FtcePortal.git		  id_rsa.sean.pub
git@catkin:~$ mkdir CBL.git
git@catkin:~$ ls -a
.			 cala-fsu.github.com.git  FtcePortal.git	   id_rsa.sean.pub
..			 cala.git		  FwcLiveryCourseTest.git  MemMapFileTest.git
Accountability.git	 CALALearn.git		  FWCScanner.git	   PyAccountability.git
assessing_knowledge.git  cala_play.git		  HelloCala.git		   python_mongo_test.git
assessment_feedback.git  CBL.git		  id_rsa.brianimac.pub	   retrofit_2013.git
Assessment.git		 cefa_logo.git		  id_rsa.brian.pub	   retrofit.git
assessment-old.git	 demographics.git	  id_rsa.colin.pub	   .ssh
.bash_history		 .DS_Store		  id_rsa.pub.mdavidson	   .viminfo
.cache			 fatcat.git		  id_rsa.pub.mohit
cala08.git		 fhp.git		  id_rsa.pub.sweta
git@catkin:~$ cd CBL.git
git@catkin:~/CBL.git$ git --bare init
Initialized empty Git repository in /home/git/CBL.git/
git@catkin:~/CBL.git$ 
